// Jest Snapshot v1, https://goo.gl/fbAQLP

exports[`renders correctly 1`] = `
<RCTScrollView>
  <View>
    <View>
      <Text>
        hi there
      </Text>
    </View>
  </View>
</RCTScrollView>
`;
